psql:C:/Users/lenovo/WorkBuddy/2026-09-16-10-37-59/deliverables/product-strategy/skeleton/verification/94_b12_assert.sql:30: 注意:  B0 OK: 当前用户 dy_app_b12 非超级用户
DO
psql:C:/Users/lenovo/WorkBuddy/2026-09-16-10-37-59/deliverables/product-strategy/skeleton/verification/94_b12_assert.sql:50: 注意:  B1 OK: customer_state_transition / band 均存在且带 tenant_id
DO
BEGIN
SET
psql:C:/Users/lenovo/WorkBuddy/2026-09-16-10-37-59/deliverables/product-strategy/skeleton/verification/94_b12_assert.sql:86: 注意:  B2 OK: 非法 to_state 被 CHECK 拒绝 (SQLSTATE 23514)
DO
ROLLBACK
BEGIN
SET
psql:C:/Users/lenovo/WorkBuddy/2026-09-16-10-37-59/deliverables/product-strategy/skeleton/verification/94_b12_assert.sql:115: 注意:  B2b OK: 非法 from_state 被 CHECK 拒绝 (SQLSTATE 23514)
DO
ROLLBACK
BEGIN
SET
psql:C:/Users/lenovo/WorkBuddy/2026-09-16-10-37-59/deliverables/product-strategy/skeleton/verification/94_b12_assert.sql:159: 注意:  B3 OK: 14 态逐项均被接受 (取值集 = 恰好 14 态, 探针行数=14)
DO
ROLLBACK
BEGIN
SET
psql:C:/Users/lenovo/WorkBuddy/2026-09-16-10-37-59/deliverables/product-strategy/skeleton/verification/94_b12_assert.sql:189: 错误:  B4 失败: 租户A 读到租户B 的 customer_state_transition 1 行 —— 串租户!
CONTEXT:  在RAISE的第14行的PL/pgSQL函数inline_code_block
